Microsoft (R) Macro Assembler Version 14.29.30147.0	    02/27/23 23:21:45
$Prime Numbers     (Proj4_loyami.asm			     Page 1 - 1


				TITLE Prime Numbers     (Proj4_loyami.asm)

				; Author: Michelle Loya
				; Last Modified: 2023
				; OSU email address: loyami@oregonstate.edu
				; Course number/section: CS271 Section 400
				; Project Number:  4               Due Date: 2/26/2023
				; Description: This program calculates and displays all the prime numbers when given
				; a range by the user.

				INCLUDE Irvine32.inc
			      C ; Include file for Irvine32.lib             (Irvine32.inc)
			      C 
			      C ;OPTION CASEMAP:NONE		; optional: make identifiers case-sensitive
			      C 
			      C INCLUDE SmallWin.inc		; MS-Windows prototypes, structures, and constants
			      C .NOLIST
			      C .LIST
			      C 
			      C INCLUDE VirtualKeys.inc
			      C ; VirtualKeys.inc
			      C .NOLIST
			      C .LIST
			      C 
			      C 
			      C .NOLIST
			      C .LIST
			      C 

				; (insert macro definitions here)

 = 00000001			RANGE_MIN = 1
 = 00000FA0			RANGE_MAX = 4000

 00000000			.data

 00000000 50 72 69 6D 65	programTitle	BYTE	"Prime Numbers by Michelle Loya",13,10,13,10,0
	   20 4E 75 6D 62
	   65 72 73 20 62
	   79 20 4D 69 63
	   68 65 6C 6C 65
	   20 4C 6F 79 61
	   0D 0A 0D 0A 00
 00000023 45 6E 74 65 72	instruction_1	BYTE	"Enter the number of prime numbers you would like to see.",13,10,
	   20 74 68 65 20
	   6E 75 6D 62 65
	   72 20 6F 66 20
	   70 72 69 6D 65
	   20 6E 75 6D 62
	   65 72 73 20 79
	   6F 75 20 77 6F
	   75 6C 64 20 6C
	   69 6B 65 20 74
	   6F 20 73 65 65
	   2E 0D 0A 49 27
	   6C 6C 20 61 63
	   63 65 70 74 20
	   6F 72 64 65 72
	   73 20 66 6F 72
	   20 75 70 20 74
	   6F 20 32 30 30
	   20 70 72 69 6D
	   65 73 2E 0D 0A
	   0D 0A 00
										"I'll accept orders for up to 200 primes.",13,10,13,10,0	
 0000008A 45 6E 74 65 72	instruction_2	BYTE	"Enter the number of primes to display [1 ... 4000]: ",0
	   20 74 68 65 20
	   6E 75 6D 62 65
	   72 20 6F 66 20
	   70 72 69 6D 65
	   73 20 74 6F 20
	   64 69 73 70 6C
	   61 79 20 5B 31
	   20 2E 2E 2E 20
	   34 30 30 30 5D
	   3A 20 00
 000000BF 4E 6F 20 70 72	invalid			BYTE	"No primes for you! Number out of range. Try again.",13,10,0
	   69 6D 65 73 20
	   66 6F 72 20 79
	   6F 75 21 20 4E
	   75 6D 62 65 72
	   20 6F 75 74 20
	   6F 66 20 72 61
	   6E 67 65 2E 20
	   54 72 79 20 61
	   67 61 69 6E 2E
	   0D 0A 00
 000000F4 00000000		userInput		DWORD	?
 000000F8 00000000		valid			DWORD	?		;boolean to check if input is valid
 000000FC 00000000		prime			DWORD	?		;boolean to check if number is prime
 00000100 00000001		candidate		DWORD	1
 00000104 00000000		divisor			DWORD	?
 00000108 00000000		counter			DWORD	?
 0000010C 00000000		column_counter	DWORD	0
 00000110 00000000		row_counter		DWORD	0
 00000114 09 00			space			BYTE	"	",0
 00000116 0D 0A 0D 0A 52	goodbye			BYTE	13,10,13,10,"Results certified by Michelle. Goodbye.",13,10,0
	   65 73 75 6C 74
	   73 20 63 65 72
	   74 69 66 69 65
	   64 20 62 79 20
	   4D 69 63 68 65
	   6C 6C 65 2E 20
	   47 6F 6F 64 62
	   79 65 2E 0D 0A
	   00

 00000144 2A 2A 45 43 20	extracredit_1	BYTE	"**EC 1: Align the output columns.",13,10,0
	   31 3A 20 41 6C
	   69 67 6E 20 74
	   68 65 20 6F 75
	   74 70 75 74 20
	   63 6F 6C 75 6D
	   6E 73 2E 0D 0A
	   00
 00000168 2A 2A 45 43 20	extracredit_2	BYTE	"**EC 2: Extend the range to display up to 4000 primes. 20 rows per page.",13, 10, 13,10,0
	   32 3A 20 45 78
	   74 65 6E 64 20
	   74 68 65 20 72
	   61 6E 67 65 20
	   74 6F 20 64 69
	   73 70 6C 61 79
	   20 75 70 20 74
	   6F 20 34 30 30
	   30 20 70 72 69
	   6D 65 73 2E 20
	   32 30 20 72 6F
	   77 73 20 70 65
	   72 20 70 61 67
	   65 2E 0D 0A 0D
	   0A 00


 00000000			.code
 00000000			main PROC

 00000000  E8 00000016			CALL	introduction
 00000005  E8 0000003A			CALL	getUserData
 0000000A  E8 00000089			CALL	showPrimes
 0000000F  E8 00000181			CALL	farewell

					Invoke ExitProcess,0	; exit to operating system
 00000014  6A 00	   *	    push   +000000000h
 00000016  E8 00000000 E   *	    call   ExitProcess
 0000001B			main ENDP


				; ***************************************************************
				; Name: introduction
				;
				; Displays title and program introduction
				;
				; Receives:
				;		programTitle, instruction_1 (global variables)
				; ***************************************************************
 0000001B			introduction	PROC
 0000001B  BA 00000000 R		MOV		EDX, OFFSET programTitle
 00000020  E8 00000000 E		CALL	WriteString
 00000025  BA 00000023 R		MOV		EDX, OFFSET instruction_1
 0000002A  E8 00000000 E		CALL	WriteString
 0000002F  BA 00000144 R		MOV		EDX, OFFSET extracredit_1
 00000034  E8 00000000 E		CALL	WriteString
 00000039  BA 00000168 R		MOV		EDX, OFFSET extracredit_2
 0000003E  E8 00000000 E		CALL	WriteString
 00000043  C3				RET
 00000044			introduction	ENDP

				; ***************************************************************
				; Name:getUserData
				;
				; Procedure will prompt user for value
				;
				; Receives: instruction_2, valid (global variables)
				; ***************************************************************
 00000044			getUserData		PROC
 00000044				_prompt_input:
 00000044  BA 0000008A R		MOV		EDX, OFFSET instruction_2
 00000049  E8 00000000 E		call	WriteString
 0000004E  E8 00000000 E		call	ReadDec

 00000053  E8 00000014			CALL	validate
 00000058  83 3D 000000F8 R		CMP		valid, 0
	   00
 0000005F  74 E3			JZ		_prompt_input

 00000061  A3 000000F4 R		MOV		userInput, EAX
 00000066  E8 00000000 E		CALL	CrLf
 0000006B  C3				RET
 0000006C			getUserData		ENDP

				; ***************************************************************
				; Name: Validate
				;
				; Sub-procedure will validate user input
				;
				; Preconditions: EAX register must be set to userInput
				;
				; Receives: RANGE_MIN, RANGE_MAX (constants) invalid (global variable)
				;
				; Returns: valid = boolean (1 = True; 0 = False)
				; ***************************************************************
 0000006C			validate		PROC
 0000006C  83 F8 01			CMP		EAX, RANGE_MIN			
 0000006F  72 12			JB		_invalid					
 00000071  3D 00000FA0			CMP		EAX, RANGE_MAX
 00000076  77 0B			JA		_invalid
 00000078  C7 05 000000F8 R		mov		valid, 1
	   00000001
 00000082  C3				RET

 00000083				_invalid:
 00000083  BA 000000BF R		MOV		EDX, OFFSET invalid
 00000088  E8 00000000 E		CALL	WriteString   
 0000008D  C7 05 000000F8 R		MOV		valid, 0
	   00000000
 00000097  C3				RET
 00000098			validate		ENDP

				; ***************************************************************
				; Name: showPrimes
				;
				; Procedure will display n prime numbers, based on user input
				;
				; Preconditions: userInput value must be a postive unsigned integer. Candidate
				; must be initialized to one. Column_counter must be initialized to 0.
				;
				; Receives: userInput, candidate, row_counter, space (global variables)
				; ***************************************************************
 00000098			showPrimes		PROC
 00000098  8B 0D 000000F4 R		MOV		ECX, userInput

					; --------------
					; Will loop through n prime numbers (n is based on user input). ECX is set to 
					; user input and will, ultimately, only decrement if a prime number is found.
					; Prime numbers will be printed in order that they are found
					;---------------
 0000009E				_loopThroughSet: 
 0000009E  E8 00000088			CALL	isPrime
 000000A3  83 3D 000000FC R		CMP		prime, 1
	   01
 000000AA  74 0A			JE		_print
 000000AC				_continue:
 000000AC  FF 05 00000100 R		INC		candidate
 000000B2  E2 EA			LOOP	_loopThroughSet

 000000B4  EB 74			JMP		_exitProc

 000000B6				_print:
 000000B6  83 3D 0000010C R		CMP		column_counter, 10
	   0A
 000000BD  72 34			JB		_addToCurrentRow
 000000BF  83 3D 00000110 R		CMP		row_counter, 19
	   13
 000000C6  74 47			JE		_newPage

					;Will print on a new row
 000000C8  E8 00000000 E		CALL    CrLf
 000000CD  A1 00000100 R		MOV		EAX, candidate
 000000D2  E8 00000000 E		CALL	WriteDec
 000000D7  BA 00000114 R		MOV		EDX, OFFSET space
 000000DC  E8 00000000 E		CALL	WriteString
 000000E1  C7 05 0000010C R		MOV		column_counter, 1
	   00000001
 000000EB  FF 05 00000110 R		INC		row_counter
 000000F1  EB B9			JMP		_continue

					;Will print on same row
 000000F3				_addToCurrentRow:
 000000F3  A1 00000100 R		MOV		EAX, candidate
 000000F8  E8 00000000 E		CALL	WriteDec
 000000FD  BA 00000114 R		MOV		EDX, OFFSET space
 00000102  E8 00000000 E		CALL	WriteString
 00000107  FF 05 0000010C R		INC		column_counter
 0000010D  EB 9D			JMP		_continue

 0000010F				_newPage:
 0000010F  E8 00000000 E		CALL	CrLf
 00000114  E8 00000000 E		CALL	WaitMsg
 00000119  C7 05 00000110 R		MOV		row_counter, 0
	   00000000
 00000123  E8 00000000 E		CALL	CrLf
 00000128  EB 82			JMP		_continue

 0000012A				_exitProc:
 0000012A  C3				RET

 0000012B			showPrimes		ENDP

				; ***************************************************************
				; Name: isPrime
				;
				; Sub-procedure will check whether a candidate number is prime
				;
				; Preconditions: candidate value must be a postive unsigned integer
				;
				; Postconditions: If the candidate passed is not prime, the ECX counter
				; is increased by one so that the 'loopThroughSet' loop within the showPrimes
				; procedure will iterate an additional time; only prime numbers will decrease
				; the counter.
				;
				; Receives: candidate (global variable)
				;
				; Returns: prime = boolean (1 = True; 0 = False)
				; ***************************************************************
 0000012B			isPrime		PROC
 0000012B  51				PUSH	ECX

					;If candidate value is one, skip to notPrime
 0000012C  83 3D 00000100 R		CMP		candidate, 1
	   01
 00000133  74 53			JE		_notPrime

					;If candidate value is two, skip to prime
 00000135  83 3D 00000100 R		CMP		candidate, 2
	   02
 0000013C  74 3E			JE		_prime

 0000013E  A1 00000100 R		MOV		EAX, candidate
 00000143  A3 00000108 R		MOV		counter, EAX
 00000148  83 2D 00000108 R		SUB		counter, 2
	   02

 0000014F  8B 0D 00000108 R		MOV		ECX, counter
 00000155  C7 05 00000104 R		MOV		divisor, 2
	   00000002

					; --------------
					; This loop will check to see if candidate number has a factor other than 1
					; or itself (meaning that it is not prime). 
					;---------------
 0000015F				_checkFactors:
 0000015F  BA 00000000			MOV		EDX, 0
 00000164  A1 00000100 R		MOV		EAX, candidate
 00000169  F7 35 00000104 R		DIV		divisor
 0000016F  83 FA 00			CMP		EDX, 0
 00000172  74 14			JE		_notPrime
 00000174  FF 05 00000104 R		INC		divisor
 0000017A  E2 E3			LOOP	_checkFactors

 0000017C				_Prime:
 0000017C  59				POP		ECX
 0000017D  C7 05 000000FC R		MOV		prime, 1
	   00000001
 00000187  C3				RET

 00000188				_notPrime:
 00000188  59				POP		ECX
 00000189  41				INC		ECX			; Allows 'loopThroughSet to only count prime numbers
 0000018A  C7 05 000000FC R		MOV		prime, 0
	   00000000
 00000194  C3				RET
 00000195			isPrime		ENDP

				; ***************************************************************
				; Name: farewell
				;
				; Displays farewell to user
				;
				; Receives:
				;		goodbye (global variable)
				; ***************************************************************
 00000195			farewell		PROC
 00000195  BA 00000116 R		MOV		EDX, OFFSET goodbye		
 0000019A  E8 00000000 E		CALL	WriteString	
 0000019F  C3				RET
 000001A0			farewell		ENDP

				END main
Microsoft (R) Macro Assembler Version 14.29.30147.0	    02/27/23 23:21:45
$Prime Numbers     (Proj4_loyami.asm			     Symbols 2 - 1




Structures and Unions:

                N a m e                  Size
                                         Offset      Type

CONSOLE_CURSOR_INFO  . . . . . .	 00000008
  dwSize . . . . . . . . . . . .	 00000000	 DWord
  bVisible . . . . . . . . . . .	 00000004	 DWord
CONSOLE_SCREEN_BUFFER_INFO . . .	 00000016
  dwSize . . . . . . . . . . . .	 00000000	 DWord
  dwCursorPosition . . . . . . .	 00000004	 DWord
  wAttributes  . . . . . . . . .	 00000008	 Word
  srWindow . . . . . . . . . . .	 0000000A	 QWord
  dwMaximumWindowSize  . . . . .	 00000012	 DWord
COORD  . . . . . . . . . . . . .	 00000004
  X  . . . . . . . . . . . . . .	 00000000	 Word
  Y  . . . . . . . . . . . . . .	 00000002	 Word
FILETIME . . . . . . . . . . . .	 00000008
  loDateTime . . . . . . . . . .	 00000000	 DWord
  hiDateTime . . . . . . . . . .	 00000004	 DWord
FOCUS_EVENT_RECORD . . . . . . .	 00000004
  bSetFocus  . . . . . . . . . .	 00000000	 DWord
FPU_ENVIRON  . . . . . . . . . .	 0000001C
  controlWord  . . . . . . . . .	 00000000	 Word
  statusWord . . . . . . . . . .	 00000004	 Word
  tagWord  . . . . . . . . . . .	 00000008	 Word
  instrPointerOffset . . . . . .	 0000000C	 DWord
  instrPointerSelector . . . . .	 00000010	 DWord
  operandPointerOffset . . . . .	 00000014	 DWord
  operandPointerSelector . . . .	 00000018	 Word
INPUT_RECORD . . . . . . . . . .	 00000014
  EventType  . . . . . . . . . .	 00000000	 Word
  Event  . . . . . . . . . . . .	 00000004	 XmmWord
  bKeyDown . . . . . . . . . . .	 00000000	 DWord
  wRepeatCount . . . . . . . . .	 00000004	 Word
  wVirtualKeyCode  . . . . . . .	 00000006	 Word
  wVirtualScanCode . . . . . . .	 00000008	 Word
  uChar  . . . . . . . . . . . .	 0000000A	 Word
  UnicodeChar  . . . . . . . . .	 00000000	 Word
  AsciiChar  . . . . . . . . . .	 00000000	 Byte
  dwControlKeyState  . . . . . .	 0000000C	 DWord
  dwMousePosition  . . . . . . .	 00000000	 DWord
  dwButtonState  . . . . . . . .	 00000004	 DWord
  dwMouseControlKeyState . . . .	 00000008	 DWord
  dwEventFlags . . . . . . . . .	 0000000C	 DWord
  dwSize . . . . . . . . . . . .	 00000000	 DWord
  dwCommandId  . . . . . . . . .	 00000000	 DWord
  bSetFocus  . . . . . . . . . .	 00000000	 DWord
KEY_EVENT_RECORD . . . . . . . .	 00000010
  bKeyDown . . . . . . . . . . .	 00000000	 DWord
  wRepeatCount . . . . . . . . .	 00000004	 Word
  wVirtualKeyCode  . . . . . . .	 00000006	 Word
  wVirtualScanCode . . . . . . .	 00000008	 Word
  uChar  . . . . . . . . . . . .	 0000000A	 Word
  UnicodeChar  . . . . . . . . .	 00000000	 Word
  AsciiChar  . . . . . . . . . .	 00000000	 Byte
  dwControlKeyState  . . . . . .	 0000000C	 DWord
MENU_EVENT_RECORD  . . . . . . .	 00000004
  dwCommandId  . . . . . . . . .	 00000000	 DWord
MOUSE_EVENT_RECORD . . . . . . .	 00000010
  dwMousePosition  . . . . . . .	 00000000	 DWord
  dwButtonState  . . . . . . . .	 00000004	 DWord
  dwMouseControlKeyState . . . .	 00000008	 DWord
  dwEventFlags . . . . . . . . .	 0000000C	 DWord
SMALL_RECT . . . . . . . . . . .	 00000008
  Left . . . . . . . . . . . . .	 00000000	 Word
  Top  . . . . . . . . . . . . .	 00000002	 Word
  Right  . . . . . . . . . . . .	 00000004	 Word
  Bottom . . . . . . . . . . . .	 00000006	 Word
SYSTEMTIME . . . . . . . . . . .	 00000010
  wYear  . . . . . . . . . . . .	 00000000	 Word
  wMonth . . . . . . . . . . . .	 00000002	 Word
  wDayOfWeek . . . . . . . . . .	 00000004	 Word
  wDay . . . . . . . . . . . . .	 00000006	 Word
  wHour  . . . . . . . . . . . .	 00000008	 Word
  wMinute  . . . . . . . . . . .	 0000000A	 Word
  wSecond  . . . . . . . . . . .	 0000000C	 Word
  wMilliseconds  . . . . . . . .	 0000000E	 Word
WINDOW_BUFFER_SIZE_RECORD  . . .	 00000004
  dwSize . . . . . . . . . . . .	 00000000	 DWord


Segments and Groups:

                N a m e                 Size     Length   Align   Combine Class

FLAT . . . . . . . . . . . . . .	GROUP
STACK  . . . . . . . . . . . . .	32 Bit	 00001000 Para	  Stack	  'STACK'	 
_DATA  . . . . . . . . . . . . .	32 Bit	 000001B5 Para	  Public  'DATA'	
_TEXT  . . . . . . . . . . . . .	32 Bit	 000001A0 Para	  Public  'CODE'	


Procedures, parameters, and locals:

                N a m e                 Type     Value    Attr

CloseFile  . . . . . . . . . . .	P Near	 00000000 FLAT	Length= 00000000 External STDCALL
CloseHandle  . . . . . . . . . .	P Near	 00000000 FLAT	Length= 00000000 External STDCALL
Clrscr . . . . . . . . . . . . .	P Near	 00000000 FLAT	Length= 00000000 External STDCALL
CreateFileA  . . . . . . . . . .	P Near	 00000000 FLAT	Length= 00000000 External STDCALL
CreateOutputFile . . . . . . . .	P Near	 00000000 FLAT	Length= 00000000 External STDCALL
Crlf . . . . . . . . . . . . . .	P Near	 00000000 FLAT	Length= 00000000 External STDCALL
Delay  . . . . . . . . . . . . .	P Near	 00000000 FLAT	Length= 00000000 External STDCALL
DumpMem  . . . . . . . . . . . .	P Near	 00000000 FLAT	Length= 00000000 External STDCALL
DumpRegs . . . . . . . . . . . .	P Near	 00000000 FLAT	Length= 00000000 External STDCALL
ExitProcess  . . . . . . . . . .	P Near	 00000000 FLAT	Length= 00000000 External STDCALL
FileTimeToDosDateTime  . . . . .	P Near	 00000000 FLAT	Length= 00000000 External STDCALL
FileTimeToSystemTime . . . . . .	P Near	 00000000 FLAT	Length= 00000000 External STDCALL
FlushConsoleInputBuffer  . . . .	P Near	 00000000 FLAT	Length= 00000000 External STDCALL
FormatMessageA . . . . . . . . .	P Near	 00000000 FLAT	Length= 00000000 External STDCALL
GetCommandLineA  . . . . . . . .	P Near	 00000000 FLAT	Length= 00000000 External STDCALL
GetCommandTail . . . . . . . . .	P Near	 00000000 FLAT	Length= 00000000 External STDCALL
GetConsoleCP . . . . . . . . . .	P Near	 00000000 FLAT	Length= 00000000 External STDCALL
GetConsoleCursorInfo . . . . . .	P Near	 00000000 FLAT	Length= 00000000 External STDCALL
GetConsoleMode . . . . . . . . .	P Near	 00000000 FLAT	Length= 00000000 External STDCALL
GetConsoleScreenBufferInfo . . .	P Near	 00000000 FLAT	Length= 00000000 External STDCALL
GetDateTime  . . . . . . . . . .	P Near	 00000000 FLAT	Length= 00000000 External STDCALL
GetFileTime  . . . . . . . . . .	P Near	 00000000 FLAT	Length= 00000000 External STDCALL
GetKeyState  . . . . . . . . . .	P Near	 00000000 FLAT	Length= 00000000 External STDCALL
GetLastError . . . . . . . . . .	P Near	 00000000 FLAT	Length= 00000000 External STDCALL
GetLocalTime . . . . . . . . . .	P Near	 00000000 FLAT	Length= 00000000 External STDCALL
GetMaxXY . . . . . . . . . . . .	P Near	 00000000 FLAT	Length= 00000000 External STDCALL
GetMseconds  . . . . . . . . . .	P Near	 00000000 FLAT	Length= 00000000 External STDCALL
GetNumberOfConsoleInputEvents  .	P Near	 00000000 FLAT	Length= 00000000 External STDCALL
GetProcessHeap . . . . . . . . .	P Near	 00000000 FLAT	Length= 00000000 External STDCALL
GetStdHandle . . . . . . . . . .	P Near	 00000000 FLAT	Length= 00000000 External STDCALL
GetSystemTime  . . . . . . . . .	P Near	 00000000 FLAT	Length= 00000000 External STDCALL
GetTextColor . . . . . . . . . .	P Near	 00000000 FLAT	Length= 00000000 External STDCALL
GetTickCount . . . . . . . . . .	P Near	 00000000 FLAT	Length= 00000000 External STDCALL
Gotoxy . . . . . . . . . . . . .	P Near	 00000000 FLAT	Length= 00000000 External STDCALL
HeapAlloc  . . . . . . . . . . .	P Near	 00000000 FLAT	Length= 00000000 External STDCALL
HeapCreate . . . . . . . . . . .	P Near	 00000000 FLAT	Length= 00000000 External STDCALL
HeapDestroy  . . . . . . . . . .	P Near	 00000000 FLAT	Length= 00000000 External STDCALL
HeapFree . . . . . . . . . . . .	P Near	 00000000 FLAT	Length= 00000000 External STDCALL
HeapSize . . . . . . . . . . . .	P Near	 00000000 FLAT	Length= 00000000 External STDCALL
IsDigit  . . . . . . . . . . . .	P Near	 00000000 FLAT	Length= 00000000 External STDCALL
LocalFree  . . . . . . . . . . .	P Near	 00000000 FLAT	Length= 00000000 External STDCALL
MessageBoxA  . . . . . . . . . .	P Near	 00000000 FLAT	Length= 00000000 External STDCALL
MsgBoxAsk  . . . . . . . . . . .	P Near	 00000000 FLAT	Length= 00000000 External STDCALL
MsgBox . . . . . . . . . . . . .	P Near	 00000000 FLAT	Length= 00000000 External STDCALL
OpenInputFile  . . . . . . . . .	P Near	 00000000 FLAT	Length= 00000000 External STDCALL
ParseDecimal32 . . . . . . . . .	P Near	 00000000 FLAT	Length= 00000000 External STDCALL
ParseInteger32 . . . . . . . . .	P Near	 00000000 FLAT	Length= 00000000 External STDCALL
PeekConsoleInputA  . . . . . . .	P Near	 00000000 FLAT	Length= 00000000 External STDCALL
Random32 . . . . . . . . . . . .	P Near	 00000000 FLAT	Length= 00000000 External STDCALL
RandomRange  . . . . . . . . . .	P Near	 00000000 FLAT	Length= 00000000 External STDCALL
Randomize  . . . . . . . . . . .	P Near	 00000000 FLAT	Length= 00000000 External STDCALL
ReadChar . . . . . . . . . . . .	P Near	 00000000 FLAT	Length= 00000000 External STDCALL
ReadConsoleA . . . . . . . . . .	P Near	 00000000 FLAT	Length= 00000000 External STDCALL
ReadConsoleInputA  . . . . . . .	P Near	 00000000 FLAT	Length= 00000000 External STDCALL
ReadDec  . . . . . . . . . . . .	P Near	 00000000 FLAT	Length= 00000000 External STDCALL
ReadFile . . . . . . . . . . . .	P Near	 00000000 FLAT	Length= 00000000 External STDCALL
ReadFloat  . . . . . . . . . . .	P Near	 00000000 FLAT	Length= 00000000 External STDCALL
ReadFromFile . . . . . . . . . .	P Near	 00000000 FLAT	Length= 00000000 External STDCALL
ReadHex  . . . . . . . . . . . .	P Near	 00000000 FLAT	Length= 00000000 External STDCALL
ReadInt  . . . . . . . . . . . .	P Near	 00000000 FLAT	Length= 00000000 External STDCALL
ReadKeyFlush . . . . . . . . . .	P Near	 00000000 FLAT	Length= 00000000 External STDCALL
ReadKey  . . . . . . . . . . . .	P Near	 00000000 FLAT	Length= 00000000 External STDCALL
ReadString . . . . . . . . . . .	P Near	 00000000 FLAT	Length= 00000000 External STDCALL
SetConsoleCursorInfo . . . . . .	P Near	 00000000 FLAT	Length= 00000000 External STDCALL
SetConsoleCursorPosition . . . .	P Near	 00000000 FLAT	Length= 00000000 External STDCALL
SetConsoleMode . . . . . . . . .	P Near	 00000000 FLAT	Length= 00000000 External STDCALL
SetConsoleScreenBufferSize . . .	P Near	 00000000 FLAT	Length= 00000000 External STDCALL
SetConsoleTextAttribute  . . . .	P Near	 00000000 FLAT	Length= 00000000 External STDCALL
SetConsoleTitleA . . . . . . . .	P Near	 00000000 FLAT	Length= 00000000 External STDCALL
SetConsoleWindowInfo . . . . . .	P Near	 00000000 FLAT	Length= 00000000 External STDCALL
SetFilePointer . . . . . . . . .	P Near	 00000000 FLAT	Length= 00000000 External STDCALL
SetLocalTime . . . . . . . . . .	P Near	 00000000 FLAT	Length= 00000000 External STDCALL
SetTextColor . . . . . . . . . .	P Near	 00000000 FLAT	Length= 00000000 External STDCALL
ShowFPUStack . . . . . . . . . .	P Near	 00000000 FLAT	Length= 00000000 External STDCALL
Sleep  . . . . . . . . . . . . .	P Near	 00000000 FLAT	Length= 00000000 External STDCALL
StrLength  . . . . . . . . . . .	P Near	 00000000 FLAT	Length= 00000000 External STDCALL
Str_compare  . . . . . . . . . .	P Near	 00000000 FLAT	Length= 00000000 External STDCALL
Str_copy . . . . . . . . . . . .	P Near	 00000000 FLAT	Length= 00000000 External STDCALL
Str_length . . . . . . . . . . .	P Near	 00000000 FLAT	Length= 00000000 External STDCALL
Str_trim . . . . . . . . . . . .	P Near	 00000000 FLAT	Length= 00000000 External STDCALL
Str_ucase  . . . . . . . . . . .	P Near	 00000000 FLAT	Length= 00000000 External STDCALL
SystemTimeToFileTime . . . . . .	P Near	 00000000 FLAT	Length= 00000000 External STDCALL
WaitMsg  . . . . . . . . . . . .	P Near	 00000000 FLAT	Length= 00000000 External STDCALL
WriteBinB  . . . . . . . . . . .	P Near	 00000000 FLAT	Length= 00000000 External STDCALL
WriteBin . . . . . . . . . . . .	P Near	 00000000 FLAT	Length= 00000000 External STDCALL
WriteChar  . . . . . . . . . . .	P Near	 00000000 FLAT	Length= 00000000 External STDCALL
WriteConsoleA  . . . . . . . . .	P Near	 00000000 FLAT	Length= 00000000 External STDCALL
WriteConsoleOutputAttribute  . .	P Near	 00000000 FLAT	Length= 00000000 External STDCALL
WriteConsoleOutputCharacterA . .	P Near	 00000000 FLAT	Length= 00000000 External STDCALL
WriteDec . . . . . . . . . . . .	P Near	 00000000 FLAT	Length= 00000000 External STDCALL
WriteFile  . . . . . . . . . . .	P Near	 00000000 FLAT	Length= 00000000 External STDCALL
WriteFloat . . . . . . . . . . .	P Near	 00000000 FLAT	Length= 00000000 External STDCALL
WriteHexB  . . . . . . . . . . .	P Near	 00000000 FLAT	Length= 00000000 External STDCALL
WriteHex . . . . . . . . . . . .	P Near	 00000000 FLAT	Length= 00000000 External STDCALL
WriteInt . . . . . . . . . . . .	P Near	 00000000 FLAT	Length= 00000000 External STDCALL
WriteStackFrameName  . . . . . .	P Near	 00000000 FLAT	Length= 00000000 External STDCALL
WriteStackFrame  . . . . . . . .	P Near	 00000000 FLAT	Length= 00000000 External STDCALL
WriteString  . . . . . . . . . .	P Near	 00000000 FLAT	Length= 00000000 External STDCALL
WriteToFile  . . . . . . . . . .	P Near	 00000000 FLAT	Length= 00000000 External STDCALL
WriteWindowsMsg  . . . . . . . .	P Near	 00000000 FLAT	Length= 00000000 External STDCALL
farewell . . . . . . . . . . . .	P Near	 00000195 _TEXT	Length= 0000000B Public STDCALL
getUserData  . . . . . . . . . .	P Near	 00000044 _TEXT	Length= 00000028 Public STDCALL
  _prompt_input  . . . . . . . .	L Near	 00000044 _TEXT	
introduction . . . . . . . . . .	P Near	 0000001B _TEXT	Length= 00000029 Public STDCALL
isPrime  . . . . . . . . . . . .	P Near	 0000012B _TEXT	Length= 0000006A Public STDCALL
  _checkFactors  . . . . . . . .	L Near	 0000015F _TEXT	
  _Prime . . . . . . . . . . . .	L Near	 0000017C _TEXT	
  _notPrime  . . . . . . . . . .	L Near	 00000188 _TEXT	
main . . . . . . . . . . . . . .	P Near	 00000000 _TEXT	Length= 0000001B Public STDCALL
printf . . . . . . . . . . . . .	P Near	 00000000 FLAT	Length= 00000000 External C
scanf  . . . . . . . . . . . . .	P Near	 00000000 FLAT	Length= 00000000 External C
showPrimes . . . . . . . . . . .	P Near	 00000098 _TEXT	Length= 00000093 Public STDCALL
  _loopThroughSet  . . . . . . .	L Near	 0000009E _TEXT	
  _continue  . . . . . . . . . .	L Near	 000000AC _TEXT	
  _print . . . . . . . . . . . .	L Near	 000000B6 _TEXT	
  _addToCurrentRow . . . . . . .	L Near	 000000F3 _TEXT	
  _newPage . . . . . . . . . . .	L Near	 0000010F _TEXT	
  _exitProc  . . . . . . . . . .	L Near	 0000012A _TEXT	
validate . . . . . . . . . . . .	P Near	 0000006C _TEXT	Length= 0000002C Public STDCALL
  _invalid . . . . . . . . . . .	L Near	 00000083 _TEXT	
wsprintfA  . . . . . . . . . . .	P Near	 00000000 FLAT	Length= 00000000 External C


Symbols:

                N a m e                 Type     Value    Attr

@CodeSize  . . . . . . . . . . .	Number	 00000000h   
@DataSize  . . . . . . . . . . .	Number	 00000000h   
@Interface . . . . . . . . . . .	Number	 00000003h   
@Model . . . . . . . . . . . . .	Number	 00000007h   
@code  . . . . . . . . . . . . .	Text   	 _TEXT
@data  . . . . . . . . . . . . .	Text   	 FLAT
@fardata?  . . . . . . . . . . .	Text   	 FLAT
@fardata . . . . . . . . . . . .	Text   	 FLAT
@stack . . . . . . . . . . . . .	Text   	 FLAT
ALT_MASK . . . . . . . . . . . .	Number	 00000003h   
CAPSLOCK_ON  . . . . . . . . . .	Number	 00000080h   
CREATE_ALWAYS  . . . . . . . . .	Number	 00000002h   
CREATE_NEW . . . . . . . . . . .	Number	 00000001h   
CTRL_MASK  . . . . . . . . . . .	Number	 0000000Ch   
CreateFile . . . . . . . . . . .	Text   	 CreateFileA
DO_NOT_SHARE . . . . . . . . . .	Number	 00000000h   
ENABLE_ECHO_INPUT  . . . . . . .	Number	 00000004h   
ENABLE_LINE_INPUT  . . . . . . .	Number	 00000002h   
ENABLE_MOUSE_INPUT . . . . . . .	Number	 00000010h   
ENABLE_PROCESSED_INPUT . . . . .	Number	 00000001h   
ENABLE_PROCESSED_OUTPUT  . . . .	Number	 00000001h   
ENABLE_WINDOW_INPUT  . . . . . .	Number	 00000008h   
ENABLE_WRAP_AT_EOL_OUTPUT  . . .	Number	 00000002h   
ENHANCED_KEY . . . . . . . . . .	Number	 00000100h   
FALSE  . . . . . . . . . . . . .	Number	 00000000h   
FILE_APPEND_DATA . . . . . . . .	Number	 00000004h   
FILE_ATTRIBUTE_ARCHIVE . . . . .	Number	 00000020h   
FILE_ATTRIBUTE_COMPRESSED  . . .	Number	 00000800h   
FILE_ATTRIBUTE_DEVICE  . . . . .	Number	 00000040h   
FILE_ATTRIBUTE_DIRECTORY . . . .	Number	 00000010h   
FILE_ATTRIBUTE_ENCRYPTED . . . .	Number	 00004000h   
FILE_ATTRIBUTE_HIDDEN  . . . . .	Number	 00000002h   
FILE_ATTRIBUTE_NORMAL  . . . . .	Number	 00000080h   
FILE_ATTRIBUTE_NOT_CONTENT_INDEXED .	Number	 00002000h   
FILE_ATTRIBUTE_OFFLINE . . . . .	Number	 00001000h   
FILE_ATTRIBUTE_READONLY  . . . .	Number	 00000001h   
FILE_ATTRIBUTE_REPARSE_POINT . .	Number	 00000400h   
FILE_ATTRIBUTE_SPARSE_FILE . . .	Number	 00000200h   
FILE_ATTRIBUTE_SYSTEM  . . . . .	Number	 00000004h   
FILE_ATTRIBUTE_TEMPORARY . . . .	Number	 00000100h   
FILE_BEGIN . . . . . . . . . . .	Number	 00000000h   
FILE_CURRENT . . . . . . . . . .	Number	 00000001h   
FILE_DELETE_CHILD  . . . . . . .	Number	 00000040h   
FILE_END . . . . . . . . . . . .	Number	 00000002h   
FILE_READ_DATA . . . . . . . . .	Number	 00000001h   
FILE_SHARE_DELETE  . . . . . . .	Number	 00000004h   
FILE_SHARE_READ  . . . . . . . .	Number	 00000001h   
FILE_SHARE_WRITE . . . . . . . .	Number	 00000002h   
FILE_WRITE_DATA  . . . . . . . .	Number	 00000002h   
FOCUS_EVENT  . . . . . . . . . .	Number	 00000010h   
FORMAT_MESSAGE_ALLOCATE_BUFFER .	Number	 00000100h   
FORMAT_MESSAGE_FROM_SYSTEM . . .	Number	 00001000h   
FormatMessage  . . . . . . . . .	Text   	 FormatMessageA
GENERIC_ALL  . . . . . . . . . .	Number	 10000000h   
GENERIC_EXECUTE  . . . . . . . .	Number	 20000000h   
GENERIC_READ . . . . . . . . . .	Number	 -80000000h   
GENERIC_WRITE  . . . . . . . . .	Number	 40000000h   
GetCommandLine . . . . . . . . .	Text   	 GetCommandLineA
HANDLE . . . . . . . . . . . . .	Text   	 DWORD
HEAP_GENERATE_EXCEPTIONS . . . .	Number	 00000004h   
HEAP_GROWABLE  . . . . . . . . .	Number	 00000002h   
HEAP_NO_SERIALIZE  . . . . . . .	Number	 00000001h   
HEAP_REALLOC_IN_PLACE_ONLY . . .	Number	 00000010h   
HEAP_ZERO_MEMORY . . . . . . . .	Number	 00000008h   
IDABORT  . . . . . . . . . . . .	Number	 00000003h   
IDCANCEL . . . . . . . . . . . .	Number	 00000002h   
IDCLOSE  . . . . . . . . . . . .	Number	 00000008h   
IDCONTINUE . . . . . . . . . . .	Number	 0000000Bh   
IDHELP . . . . . . . . . . . . .	Number	 00000009h   
IDIGNORE . . . . . . . . . . . .	Number	 00000005h   
IDNO . . . . . . . . . . . . . .	Number	 00000007h   
IDOK . . . . . . . . . . . . . .	Number	 00000001h   
IDRETRY  . . . . . . . . . . . .	Number	 00000004h   
IDTIMEOUT  . . . . . . . . . . .	Number	 00007D00h   
IDTRYAGAIN . . . . . . . . . . .	Number	 0000000Ah   
IDYES  . . . . . . . . . . . . .	Number	 00000006h   
INVALID_HANDLE_VALUE . . . . . .	Number	 -00000001h   
KBDOWN_FLAG  . . . . . . . . . .	Number	 00000001h   
KEY_EVENT  . . . . . . . . . . .	Number	 00000001h   
KEY_MASKS  . . . . . . . . . . .	Number	 0000001Fh   
LEFT_ALT_PRESSED . . . . . . . .	Number	 00000002h   
LEFT_CTRL_PRESSED  . . . . . . .	Number	 00000008h   
MB_ABORTRETRYIGNORE  . . . . . .	Number	 00000002h   
MB_APPLMODAL . . . . . . . . . .	Number	 00000000h   
MB_CANCELTRYCONTINUE . . . . . .	Number	 00000006h   
MB_DEFBUTTON1  . . . . . . . . .	Number	 00000000h   
MB_DEFBUTTON2  . . . . . . . . .	Number	 00000100h   
MB_DEFBUTTON3  . . . . . . . . .	Number	 00000200h   
MB_DEFBUTTON4  . . . . . . . . .	Number	 00000300h   
MB_HELP  . . . . . . . . . . . .	Number	 00004000h   
MB_ICONASTERISK  . . . . . . . .	Number	 00000040h   
MB_ICONERROR . . . . . . . . . .	Number	 00000010h   
MB_ICONEXCLAMATION . . . . . . .	Number	 00000030h   
MB_ICONHAND  . . . . . . . . . .	Number	 00000010h   
MB_ICONINFORMATION . . . . . . .	Number	 00000040h   
MB_ICONQUESTION  . . . . . . . .	Number	 00000020h   
MB_ICONSTOP  . . . . . . . . . .	Number	 00000010h   
MB_ICONWARNING . . . . . . . . .	Number	 00000030h   
MB_OKCANCEL  . . . . . . . . . .	Number	 00000001h   
MB_OK  . . . . . . . . . . . . .	Number	 00000000h   
MB_RETRYCANCEL . . . . . . . . .	Number	 00000005h   
MB_SYSTEMMODAL . . . . . . . . .	Number	 00001000h   
MB_TASKMODAL . . . . . . . . . .	Number	 00002000h   
MB_USERICON  . . . . . . . . . .	Number	 00000080h   
MB_YESNOCANCEL . . . . . . . . .	Number	 00000003h   
MB_YESNO . . . . . . . . . . . .	Number	 00000004h   
MENU_EVENT . . . . . . . . . . .	Number	 00000008h   
MOUSE_EVENT  . . . . . . . . . .	Number	 00000002h   
MessageBox . . . . . . . . . . .	Text   	 MessageBoxA
NULL . . . . . . . . . . . . . .	Number	 00000000h   
NUMLOCK_ON . . . . . . . . . . .	Number	 00000020h   
OPEN_ALWAYS  . . . . . . . . . .	Number	 00000004h   
OPEN_EXISTING  . . . . . . . . .	Number	 00000003h   
PeekConsoleInput . . . . . . . .	Text   	 PeekConsoleInputA
RANGE_MAX  . . . . . . . . . . .	Number	 00000FA0h   
RANGE_MIN  . . . . . . . . . . .	Number	 00000001h   
RIGHT_ALT_PRESSED  . . . . . . .	Number	 00000001h   
RIGHT_CTRL_PRESSED . . . . . . .	Number	 00000004h   
ReadConsoleInput . . . . . . . .	Text   	 ReadConsoleInputA
ReadConsole  . . . . . . . . . .	Text   	 ReadConsoleA
SCROLLLOCK_ON  . . . . . . . . .	Number	 00000040h   
SHIFT_MASK . . . . . . . . . . .	Number	 00000010h   
SHIFT_PRESSED  . . . . . . . . .	Number	 00000010h   
STD_ERROR_HANDLE . . . . . . . .	Number	 -0000000Ch   
STD_INPUT_HANDLE . . . . . . . .	Number	 -0000000Ah   
STD_OUTPUT_HANDLE  . . . . . . .	Number	 -0000000Bh   
SetConsoleTitle  . . . . . . . .	Text   	 SetConsoleTitleA
TAB  . . . . . . . . . . . . . .	Number	 00000009h   
TRUE . . . . . . . . . . . . . .	Number	 00000001h   
TRUNCATE_EXISTING  . . . . . . .	Number	 00000005h   
VK_11  . . . . . . . . . . . . .	Number	 000000BDh   
VK_12  . . . . . . . . . . . . .	Number	 000000BBh   
VK_ADD . . . . . . . . . . . . .	Number	 0000006Bh   
VK_BACK  . . . . . . . . . . . .	Number	 00000008h   
VK_CANCEL  . . . . . . . . . . .	Number	 00000003h   
VK_CAPITAL . . . . . . . . . . .	Number	 00000014h   
VK_CLEAR . . . . . . . . . . . .	Number	 0000000Ch   
VK_CONTROL . . . . . . . . . . .	Number	 00000011h   
VK_DECIMAL . . . . . . . . . . .	Number	 0000006Eh   
VK_DELETE  . . . . . . . . . . .	Number	 0000002Eh   
VK_DIVIDE  . . . . . . . . . . .	Number	 0000006Fh   
VK_DOWN  . . . . . . . . . . . .	Number	 00000028h   
VK_END . . . . . . . . . . . . .	Number	 00000023h   
VK_ESCAPE  . . . . . . . . . . .	Number	 0000001Bh   
VK_EXECUTE . . . . . . . . . . .	Number	 0000002Bh   
VK_F10 . . . . . . . . . . . . .	Number	 00000079h   
VK_F11 . . . . . . . . . . . . .	Number	 0000007Ah   
VK_F12 . . . . . . . . . . . . .	Number	 0000007Bh   
VK_F13 . . . . . . . . . . . . .	Number	 0000007Ch   
VK_F14 . . . . . . . . . . . . .	Number	 0000007Dh   
VK_F15 . . . . . . . . . . . . .	Number	 0000007Eh   
VK_F16 . . . . . . . . . . . . .	Number	 0000007Fh   
VK_F17 . . . . . . . . . . . . .	Number	 00000080h   
VK_F18 . . . . . . . . . . . . .	Number	 00000081h   
VK_F19 . . . . . . . . . . . . .	Number	 00000082h   
VK_F1  . . . . . . . . . . . . .	Number	 00000070h   
VK_F20 . . . . . . . . . . . . .	Number	 00000083h   
VK_F21 . . . . . . . . . . . . .	Number	 00000084h   
VK_F22 . . . . . . . . . . . . .	Number	 00000085h   
VK_F23 . . . . . . . . . . . . .	Number	 00000086h   
VK_F24 . . . . . . . . . . . . .	Number	 00000087h   
VK_F2  . . . . . . . . . . . . .	Number	 00000071h   
VK_F3  . . . . . . . . . . . . .	Number	 00000072h   
VK_F4  . . . . . . . . . . . . .	Number	 00000073h   
VK_F5  . . . . . . . . . . . . .	Number	 00000074h   
VK_F6  . . . . . . . . . . . . .	Number	 00000075h   
VK_F7  . . . . . . . . . . . . .	Number	 00000076h   
VK_F8  . . . . . . . . . . . . .	Number	 00000077h   
VK_F9  . . . . . . . . . . . . .	Number	 00000078h   
VK_HELP  . . . . . . . . . . . .	Number	 0000002Fh   
VK_HOME  . . . . . . . . . . . .	Number	 00000024h   
VK_INSERT  . . . . . . . . . . .	Number	 0000002Dh   
VK_LBUTTON . . . . . . . . . . .	Number	 00000001h   
VK_LCONTROL  . . . . . . . . . .	Number	 000000A2h   
VK_LEFT  . . . . . . . . . . . .	Number	 00000025h   
VK_LMENU . . . . . . . . . . . .	Number	 000000A4h   
VK_LSHIFT  . . . . . . . . . . .	Number	 000000A0h   
VK_MENU  . . . . . . . . . . . .	Number	 00000012h   
VK_MULTIPLY  . . . . . . . . . .	Number	 0000006Ah   
VK_NEXT  . . . . . . . . . . . .	Number	 00000022h   
VK_NUMLOCK . . . . . . . . . . .	Number	 00000090h   
VK_NUMPAD0 . . . . . . . . . . .	Number	 00000060h   
VK_NUMPAD1 . . . . . . . . . . .	Number	 00000061h   
VK_NUMPAD2 . . . . . . . . . . .	Number	 00000062h   
VK_NUMPAD3 . . . . . . . . . . .	Number	 00000063h   
VK_NUMPAD4 . . . . . . . . . . .	Number	 00000064h   
VK_NUMPAD5 . . . . . . . . . . .	Number	 00000065h   
VK_NUMPAD6 . . . . . . . . . . .	Number	 00000066h   
VK_NUMPAD7 . . . . . . . . . . .	Number	 00000067h   
VK_NUMPAD8 . . . . . . . . . . .	Number	 00000068h   
VK_NUMPAD9 . . . . . . . . . . .	Number	 00000069h   
VK_PAUSE . . . . . . . . . . . .	Number	 00000013h   
VK_PRINT . . . . . . . . . . . .	Number	 0000002Ah   
VK_PRIOR . . . . . . . . . . . .	Number	 00000021h   
VK_RBUTTON . . . . . . . . . . .	Number	 00000002h   
VK_RCONTROL  . . . . . . . . . .	Number	 000000A3h   
VK_RETURN  . . . . . . . . . . .	Number	 0000000Dh   
VK_RIGHT . . . . . . . . . . . .	Number	 00000027h   
VK_RMENU . . . . . . . . . . . .	Number	 000000A5h   
VK_RSHIFT  . . . . . . . . . . .	Number	 000000A1h   
VK_SCROLL  . . . . . . . . . . .	Number	 00000091h   
VK_SEPARATER . . . . . . . . . .	Number	 0000006Ch   
VK_SHIFT . . . . . . . . . . . .	Number	 00000010h   
VK_SNAPSHOT  . . . . . . . . . .	Number	 0000002Ch   
VK_SPACE . . . . . . . . . . . .	Number	 00000020h   
VK_SUBTRACT  . . . . . . . . . .	Number	 0000006Dh   
VK_TAB . . . . . . . . . . . . .	Number	 00000009h   
VK_UP  . . . . . . . . . . . . .	Number	 00000026h   
WINDOW_BUFFER_SIZE_EVENT . . . .	Number	 00000004h   
WriteConsoleOutputCharacter  . .	Text   	 WriteConsoleOutputCharacterA
WriteConsole . . . . . . . . . .	Text   	 WriteConsoleA
black  . . . . . . . . . . . . .	Number	 00000000h   
blue . . . . . . . . . . . . . .	Number	 00000001h   
brown  . . . . . . . . . . . . .	Number	 00000006h   
candidate  . . . . . . . . . . .	DWord	 00000100 _DATA	
column_counter . . . . . . . . .	DWord	 0000010C _DATA	
counter  . . . . . . . . . . . .	DWord	 00000108 _DATA	
cyan . . . . . . . . . . . . . .	Number	 00000003h   
divisor  . . . . . . . . . . . .	DWord	 00000104 _DATA	
exit . . . . . . . . . . . . . .	Text   	 INVOKE ExitProcess,0
extracredit_1  . . . . . . . . .	Byte	 00000144 _DATA	
extracredit_2  . . . . . . . . .	Byte	 00000168 _DATA	
goodbye  . . . . . . . . . . . .	Byte	 00000116 _DATA	
gray . . . . . . . . . . . . . .	Number	 00000008h   
green  . . . . . . . . . . . . .	Number	 00000002h   
instruction_1  . . . . . . . . .	Byte	 00000023 _DATA	
instruction_2  . . . . . . . . .	Byte	 0000008A _DATA	
invalid  . . . . . . . . . . . .	Byte	 000000BF _DATA	
lightBlue  . . . . . . . . . . .	Number	 00000009h   
lightCyan  . . . . . . . . . . .	Number	 0000000Bh   
lightGray  . . . . . . . . . . .	Number	 00000007h   
lightGreen . . . . . . . . . . .	Number	 0000000Ah   
lightMagenta . . . . . . . . . .	Number	 0000000Dh   
lightRed . . . . . . . . . . . .	Number	 0000000Ch   
magenta  . . . . . . . . . . . .	Number	 00000005h   
prime  . . . . . . . . . . . . .	DWord	 000000FC _DATA	
programTitle . . . . . . . . . .	Byte	 00000000 _DATA	
red  . . . . . . . . . . . . . .	Number	 00000004h   
row_counter  . . . . . . . . . .	DWord	 00000110 _DATA	
space  . . . . . . . . . . . . .	Byte	 00000114 _DATA	
userInput  . . . . . . . . . . .	DWord	 000000F4 _DATA	
valid  . . . . . . . . . . . . .	DWord	 000000F8 _DATA	
white  . . . . . . . . . . . . .	Number	 0000000Fh   
wsprintf . . . . . . . . . . . .	Text   	 wsprintfA
yellow . . . . . . . . . . . . .	Number	 0000000Eh   

	   0 Warnings
	   0 Errors
